../Drivers/CMSIS/Include/core_cm4.h:1615:23:__NVIC_SetPriorityGrouping	24	static
../Drivers/CMSIS/Include/core_cm4.h:1632:27:__NVIC_GetPriorityGrouping	4	static
../Drivers/CMSIS/Include/core_cm4.h:1643:23:__NVIC_EnableIRQ	16	static
../Drivers/CMSIS/Include/core_cm4.h:1675:23:__NVIC_DisableIRQ	16	static,ignoring_inline_asm
../Drivers/CMSIS/Include/core_cm4.h:1692:27:__NVIC_GetPendingIRQ	16	static
../Drivers/CMSIS/Include/core_cm4.h:1709:23:__NVIC_SetPendingIRQ	16	static
../Drivers/CMSIS/Include/core_cm4.h:1722:23:__NVIC_ClearPendingIRQ	16	static
../Drivers/CMSIS/Include/core_cm4.h:1737:27:__NVIC_GetActive	16	static
../Drivers/CMSIS/Include/core_cm4.h:1757:23:__NVIC_SetPriority	16	static
../Drivers/CMSIS/Include/core_cm4.h:1776:27:__NVIC_GetPriority	16	static
../Drivers/CMSIS/Include/core_cm4.h:1798:27:NVIC_EncodePriority	40	static
../Drivers/CMSIS/Include/core_cm4.h:1832:23:NVIC_DecodePriority	40	static
../Drivers/CMSIS/Include/core_cm4.h:1887:35:__NVIC_SystemReset	4	static,ignoring_inline_asm
../Drivers/CMSIS/Include/core_cm4.h:1963:26:SysTick_Config	16	static
../Drivers/STM32F3xx_HAL_Driver/Src/stm32f3xx_hal_cortex.c:166:6:HAL_NVIC_SetPriorityGrouping	16	static
../Drivers/STM32F3xx_HAL_Driver/Src/stm32f3xx_hal_cortex.c:187:6:HAL_NVIC_SetPriority	32	static
../Drivers/STM32F3xx_HAL_Driver/Src/stm32f3xx_hal_cortex.c:210:6:HAL_NVIC_EnableIRQ	16	static
../Drivers/STM32F3xx_HAL_Driver/Src/stm32f3xx_hal_cortex.c:225:6:HAL_NVIC_DisableIRQ	16	static
../Drivers/STM32F3xx_HAL_Driver/Src/stm32f3xx_hal_cortex.c:237:6:HAL_NVIC_SystemReset	8	static
../Drivers/STM32F3xx_HAL_Driver/Src/stm32f3xx_hal_cortex.c:249:10:HAL_SYSTICK_Config	16	static
../Drivers/STM32F3xx_HAL_Driver/Src/stm32f3xx_hal_cortex.c:278:6:HAL_MPU_Disable	4	static
../Drivers/STM32F3xx_HAL_Driver/Src/stm32f3xx_hal_cortex.c:297:6:HAL_MPU_Enable	16	static
../Drivers/STM32F3xx_HAL_Driver/Src/stm32f3xx_hal_cortex.c:311:6:HAL_MPU_ConfigRegion	16	static
../Drivers/STM32F3xx_HAL_Driver/Src/stm32f3xx_hal_cortex.c:352:10:HAL_NVIC_GetPriorityGrouping	8	static
../Drivers/STM32F3xx_HAL_Driver/Src/stm32f3xx_hal_cortex.c:378:6:HAL_NVIC_GetPriority	24	static
../Drivers/STM32F3xx_HAL_Driver/Src/stm32f3xx_hal_cortex.c:394:6:HAL_NVIC_SetPendingIRQ	16	static
../Drivers/STM32F3xx_HAL_Driver/Src/stm32f3xx_hal_cortex.c:408:10:HAL_NVIC_GetPendingIRQ	16	static
../Drivers/STM32F3xx_HAL_Driver/Src/stm32f3xx_hal_cortex.c:420:6:HAL_NVIC_ClearPendingIRQ	16	static
../Drivers/STM32F3xx_HAL_Driver/Src/stm32f3xx_hal_cortex.c:433:10:HAL_NVIC_GetActive	16	static
../Drivers/STM32F3xx_HAL_Driver/Src/stm32f3xx_hal_cortex.c:446:6:HAL_SYSTICK_CLKSourceConfig	16	static
../Drivers/STM32F3xx_HAL_Driver/Src/stm32f3xx_hal_cortex.c:460:6:HAL_SYSTICK_IRQHandler	8	static
../Drivers/STM32F3xx_HAL_Driver/Src/stm32f3xx_hal_cortex.c:468:13:HAL_SYSTICK_Callback	4	static
