../Drivers/STM32F3xx_HAL_Driver/Src/stm32f3xx_hal.c:138:19:HAL_Init	8	static
../Drivers/STM32F3xx_HAL_Driver/Src/stm32f3xx_hal.c:162:19:HAL_DeInit	8	static
../Drivers/STM32F3xx_HAL_Driver/Src/stm32f3xx_hal.c:184:13:HAL_MspInit	4	static
../Drivers/STM32F3xx_HAL_Driver/Src/stm32f3xx_hal.c:194:13:HAL_MspDeInit	4	static
../Drivers/STM32F3xx_HAL_Driver/Src/stm32f3xx_hal.c:216:26:HAL_InitTick	16	static
../Drivers/STM32F3xx_HAL_Driver/Src/stm32f3xx_hal.c:269:13:HAL_IncTick	4	static
../Drivers/STM32F3xx_HAL_Driver/Src/stm32f3xx_hal.c:279:17:HAL_GetTick	4	static
../Drivers/STM32F3xx_HAL_Driver/Src/stm32f3xx_hal.c:287:10:HAL_GetTickPrio	4	static
../Drivers/STM32F3xx_HAL_Driver/Src/stm32f3xx_hal.c:295:19:HAL_SetTickFreq	24	static
../Drivers/STM32F3xx_HAL_Driver/Src/stm32f3xx_hal.c:325:21:HAL_GetTickFreq	4	static
../Drivers/STM32F3xx_HAL_Driver/Src/stm32f3xx_hal.c:340:13:HAL_Delay	24	static
../Drivers/STM32F3xx_HAL_Driver/Src/stm32f3xx_hal.c:363:13:HAL_SuspendTick	4	static
../Drivers/STM32F3xx_HAL_Driver/Src/stm32f3xx_hal.c:381:13:HAL_ResumeTick	4	static
../Drivers/STM32F3xx_HAL_Driver/Src/stm32f3xx_hal.c:391:10:HAL_GetHalVersion	4	static
../Drivers/STM32F3xx_HAL_Driver/Src/stm32f3xx_hal.c:399:10:HAL_GetREVID	4	static
../Drivers/STM32F3xx_HAL_Driver/Src/stm32f3xx_hal.c:407:10:HAL_GetDEVID	4	static
../Drivers/STM32F3xx_HAL_Driver/Src/stm32f3xx_hal.c:415:10:HAL_GetUIDw0	4	static
../Drivers/STM32F3xx_HAL_Driver/Src/stm32f3xx_hal.c:423:10:HAL_GetUIDw1	4	static
../Drivers/STM32F3xx_HAL_Driver/Src/stm32f3xx_hal.c:431:10:HAL_GetUIDw2	4	static
../Drivers/STM32F3xx_HAL_Driver/Src/stm32f3xx_hal.c:439:6:HAL_DBGMCU_EnableDBGSleepMode	4	static
../Drivers/STM32F3xx_HAL_Driver/Src/stm32f3xx_hal.c:447:6:HAL_DBGMCU_DisableDBGSleepMode	4	static
../Drivers/STM32F3xx_HAL_Driver/Src/stm32f3xx_hal.c:455:6:HAL_DBGMCU_EnableDBGStopMode	4	static
../Drivers/STM32F3xx_HAL_Driver/Src/stm32f3xx_hal.c:463:6:HAL_DBGMCU_DisableDBGStopMode	4	static
../Drivers/STM32F3xx_HAL_Driver/Src/stm32f3xx_hal.c:471:6:HAL_DBGMCU_EnableDBGStandbyMode	4	static
../Drivers/STM32F3xx_HAL_Driver/Src/stm32f3xx_hal.c:479:6:HAL_DBGMCU_DisableDBGStandbyMode	4	static
