../Drivers/STM32F3xx_HAL_Driver/Src/stm32f3xx_hal_flash.c:166:19:HAL_FLASH_Program	48	static
../Drivers/STM32F3xx_HAL_Driver/Src/stm32f3xx_hal_flash.c:231:19:HAL_FLASH_Program_IT	32	static
../Drivers/STM32F3xx_HAL_Driver/Src/stm32f3xx_hal_flash.c:272:6:HAL_FLASH_IRQHandler	16	static
../Drivers/STM32F3xx_HAL_Driver/Src/stm32f3xx_hal_flash.c:395:13:HAL_FLASH_EndOfOperationCallback	16	static
../Drivers/STM32F3xx_HAL_Driver/Src/stm32f3xx_hal_flash.c:412:13:HAL_FLASH_OperationErrorCallback	16	static
../Drivers/STM32F3xx_HAL_Driver/Src/stm32f3xx_hal_flash.c:444:19:HAL_FLASH_Unlock	16	static
../Drivers/STM32F3xx_HAL_Driver/Src/stm32f3xx_hal_flash.c:465:19:HAL_FLASH_Lock	4	static
../Drivers/STM32F3xx_HAL_Driver/Src/stm32f3xx_hal_flash.c:476:19:HAL_FLASH_OB_Unlock	4	static
../Drivers/STM32F3xx_HAL_Driver/Src/stm32f3xx_hal_flash.c:492:19:HAL_FLASH_OB_Lock	4	static
../Drivers/STM32F3xx_HAL_Driver/Src/stm32f3xx_hal_flash.c:504:19:HAL_FLASH_OB_Launch	8	static
../Drivers/STM32F3xx_HAL_Driver/Src/stm32f3xx_hal_flash.c:535:10:HAL_FLASH_GetError	4	static
../Drivers/STM32F3xx_HAL_Driver/Src/stm32f3xx_hal_flash.c:557:13:FLASH_Program_HalfWord	16	static
../Drivers/STM32F3xx_HAL_Driver/Src/stm32f3xx_hal_flash.c:573:19:FLASH_WaitForLastOperation	24	static
../Drivers/STM32F3xx_HAL_Driver/Src/stm32f3xx_hal_flash.c:609:13:FLASH_SetErrorCode	16	static
