../Drivers/STM32F3xx_HAL_Driver/Src/stm32f3xx_hal_adc.c:459:26:HAL_ADC_Init	16	static
../Drivers/STM32F3xx_HAL_Driver/Src/stm32f3xx_hal_adc.c:489:26:HAL_ADC_DeInit	16	static
../Drivers/STM32F3xx_HAL_Driver/Src/stm32f3xx_hal_adc.c:505:13:HAL_ADC_MspInit	16	static
../Drivers/STM32F3xx_HAL_Driver/Src/stm32f3xx_hal_adc.c:519:13:HAL_ADC_MspDeInit	16	static
../Drivers/STM32F3xx_HAL_Driver/Src/stm32f3xx_hal_adc.c:768:26:HAL_ADC_Start	16	static
../Drivers/STM32F3xx_HAL_Driver/Src/stm32f3xx_hal_adc.c:790:26:HAL_ADC_Stop	16	static
../Drivers/STM32F3xx_HAL_Driver/Src/stm32f3xx_hal_adc.c:807:26:HAL_ADC_PollForConversion	16	static
../Drivers/STM32F3xx_HAL_Driver/Src/stm32f3xx_hal_adc.c:833:26:HAL_ADC_PollForEvent	24	static
../Drivers/STM32F3xx_HAL_Driver/Src/stm32f3xx_hal_adc.c:862:26:HAL_ADC_Start_IT	16	static
../Drivers/STM32F3xx_HAL_Driver/Src/stm32f3xx_hal_adc.c:888:26:HAL_ADC_Stop_IT	16	static
../Drivers/STM32F3xx_HAL_Driver/Src/stm32f3xx_hal_adc.c:915:26:HAL_ADC_Start_DMA	24	static
../Drivers/STM32F3xx_HAL_Driver/Src/stm32f3xx_hal_adc.c:942:26:HAL_ADC_Stop_DMA	16	static
../Drivers/STM32F3xx_HAL_Driver/Src/stm32f3xx_hal_adc.c:962:17:HAL_ADC_GetValue	16	static
../Drivers/STM32F3xx_HAL_Driver/Src/stm32f3xx_hal_adc.c:975:13:HAL_ADC_IRQHandler	16	static
../Drivers/STM32F3xx_HAL_Driver/Src/stm32f3xx_hal_adc.c:988:13:HAL_ADC_ConvCpltCallback	16	static
../Drivers/STM32F3xx_HAL_Driver/Src/stm32f3xx_hal_adc.c:1002:13:HAL_ADC_ConvHalfCpltCallback	16	static
../Drivers/STM32F3xx_HAL_Driver/Src/stm32f3xx_hal_adc.c:1016:13:HAL_ADC_LevelOutOfWindowCallback	16	static
../Drivers/STM32F3xx_HAL_Driver/Src/stm32f3xx_hal_adc.c:1031:13:HAL_ADC_ErrorCallback	16	static
../Drivers/STM32F3xx_HAL_Driver/Src/stm32f3xx_hal_adc.c:1082:26:HAL_ADC_ConfigChannel	16	static
../Drivers/STM32F3xx_HAL_Driver/Src/stm32f3xx_hal_adc.c:1109:26:HAL_ADC_AnalogWDGConfig	16	static
../Drivers/STM32F3xx_HAL_Driver/Src/stm32f3xx_hal_adc.c:1153:10:HAL_ADC_GetState	16	static
../Drivers/STM32F3xx_HAL_Driver/Src/stm32f3xx_hal_adc.c:1166:10:HAL_ADC_GetError	16	static
