Archive member included to satisfy reference by file (symbol)

c:/st/stm32cubeide_1.11.2/stm32cubeide/plugins/com.st.stm32cube.ide.mcu.externaltools.gnu-tools-for-stm32.10.3-2021.10.win32_1.0.200.202301161003/tools/bin/../lib/gcc/arm-none-eabi/10.3.1/../../../../arm-none-eabi/lib/thumb/v7e-m+fp/hard\libc_nano.a(lib_a-errno.o)
                              ./Core/Src/syscalls.o (__errno)
c:/st/stm32cubeide_1.11.2/stm32cubeide/plugins/com.st.stm32cube.ide.mcu.externaltools.gnu-tools-for-stm32.10.3-2021.10.win32_1.0.200.202301161003/tools/bin/../lib/gcc/arm-none-eabi/10.3.1/../../../../arm-none-eabi/lib/thumb/v7e-m+fp/hard\libc_nano.a(lib_a-exit.o)
                              c:/st/stm32cubeide_1.11.2/stm32cubeide/plugins/com.st.stm32cube.ide.mcu.externaltools.gnu-tools-for-stm32.10.3-2021.10.win32_1.0.200.202301161003/tools/bin/../lib/gcc/arm-none-eabi/10.3.1/../../../../arm-none-eabi/lib/thumb/v7e-m+fp/hard/crt0.o (exit)
c:/st/stm32cubeide_1.11.2/stm32cubeide/plugins/com.st.stm32cube.ide.mcu.externaltools.gnu-tools-for-stm32.10.3-2021.10.win32_1.0.200.202301161003/tools/bin/../lib/gcc/arm-none-eabi/10.3.1/../../../../arm-none-eabi/lib/thumb/v7e-m+fp/hard\libc_nano.a(lib_a-impure.o)
                              c:/st/stm32cubeide_1.11.2/stm32cubeide/plugins/com.st.stm32cube.ide.mcu.externaltools.gnu-tools-for-stm32.10.3-2021.10.win32_1.0.200.202301161003/tools/bin/../lib/gcc/arm-none-eabi/10.3.1/../../../../arm-none-eabi/lib/thumb/v7e-m+fp/hard\libc_nano.a(lib_a-exit.o) (_global_impure_ptr)
c:/st/stm32cubeide_1.11.2/stm32cubeide/plugins/com.st.stm32cube.ide.mcu.externaltools.gnu-tools-for-stm32.10.3-2021.10.win32_1.0.200.202301161003/tools/bin/../lib/gcc/arm-none-eabi/10.3.1/../../../../arm-none-eabi/lib/thumb/v7e-m+fp/hard\libc_nano.a(lib_a-init.o)
                              c:/st/stm32cubeide_1.11.2/stm32cubeide/plugins/com.st.stm32cube.ide.mcu.externaltools.gnu-tools-for-stm32.10.3-2021.10.win32_1.0.200.202301161003/tools/bin/../lib/gcc/arm-none-eabi/10.3.1/../../../../arm-none-eabi/lib/thumb/v7e-m+fp/hard/crt0.o (__libc_init_array)
c:/st/stm32cubeide_1.11.2/stm32cubeide/plugins/com.st.stm32cube.ide.mcu.externaltools.gnu-tools-for-stm32.10.3-2021.10.win32_1.0.200.202301161003/tools/bin/../lib/gcc/arm-none-eabi/10.3.1/../../../../arm-none-eabi/lib/thumb/v7e-m+fp/hard\libc_nano.a(lib_a-memset.o)
                              c:/st/stm32cubeide_1.11.2/stm32cubeide/plugins/com.st.stm32cube.ide.mcu.externaltools.gnu-tools-for-stm32.10.3-2021.10.win32_1.0.200.202301161003/tools/bin/../lib/gcc/arm-none-eabi/10.3.1/../../../../arm-none-eabi/lib/thumb/v7e-m+fp/hard/crt0.o (memset)

Discarded input sections

 .text          0x0000000000000000        0x0 c:/st/stm32cubeide_1.11.2/stm32cubeide/plugins/com.st.stm32cube.ide.mcu.externaltools.gnu-tools-for-stm32.10.3-2021.10.win32_1.0.200.202301161003/tools/bin/../lib/gcc/arm-none-eabi/10.3.1/thumb/v7e-m+fp/hard/crti.o
 .data          0x0000000000000000        0x0 c:/st/stm32cubeide_1.11.2/stm32cubeide/plugins/com.st.stm32cube.ide.mcu.externaltools.gnu-tools-for-stm32.10.3-2021.10.win32_1.0.200.202301161003/tools/bin/../lib/gcc/arm-none-eabi/10.3.1/thumb/v7e-m+fp/hard/crti.o
 .bss           0x0000000000000000        0x0 c:/st/stm32cubeide_1.11.2/stm32cubeide/plugins/com.st.stm32cube.ide.mcu.externaltools.gnu-tools-for-stm32.10.3-2021.10.win32_1.0.200.202301161003/tools/bin/../lib/gcc/arm-none-eabi/10.3.1/thumb/v7e-m+fp/hard/crti.o
 .data          0x0000000000000000        0x4 c:/st/stm32cubeide_1.11.2/stm32cubeide/plugins/com.st.stm32cube.ide.mcu.externaltools.gnu-tools-for-stm32.10.3-2021.10.win32_1.0.200.202301161003/tools/bin/../lib/gcc/arm-none-eabi/10.3.1/thumb/v7e-m+fp/hard/crtbegin.o
 .rodata        0x0000000000000000       0x24 c:/st/stm32cubeide_1.11.2/stm32cubeide/plugins/com.st.stm32cube.ide.mcu.externaltools.gnu-tools-for-stm32.10.3-2021.10.win32_1.0.200.202301161003/tools/bin/../lib/gcc/arm-none-eabi/10.3.1/thumb/v7e-m+fp/hard/crtbegin.o
 .text          0x0000000000000000       0x7c c:/st/stm32cubeide_1.11.2/stm32cubeide/plugins/com.st.stm32cube.ide.mcu.externaltools.gnu-tools-for-stm32.10.3-2021.10.win32_1.0.200.202301161003/tools/bin/../lib/gcc/arm-none-eabi/10.3.1/../../../../arm-none-eabi/lib/thumb/v7e-m+fp/hard/crt0.o
 .data          0x0000000000000000        0x0 c:/st/stm32cubeide_1.11.2/stm32cubeide/plugins/com.st.stm32cube.ide.mcu.externaltools.gnu-tools-for-stm32.10.3-2021.10.win32_1.0.200.202301161003/tools/bin/../lib/gcc/arm-none-eabi/10.3.1/../../../../arm-none-eabi/lib/thumb/v7e-m+fp/hard/crt0.o
 .bss           0x0000000000000000        0x0 c:/st/stm32cubeide_1.11.2/stm32cubeide/plugins/com.st.stm32cube.ide.mcu.externaltools.gnu-tools-for-stm32.10.3-2021.10.win32_1.0.200.202301161003/tools/bin/../lib/gcc/arm-none-eabi/10.3.1/../../../../arm-none-eabi/lib/thumb/v7e-m+fp/hard/crt0.o
[...]
Memory Configuration

Name             Origin             Length             Attributes
CCMRAM           0x0000000010000000 0x0000000000004000 xrw
RAM              0x0000000020000000 0x0000000000010000 xrw
FLASH            0x0000000008000000 0x0000000000080000 xr
*default*        0x0000000000000000 0xffffffffffffffff

Linker script and memory map

LOAD c:/st/stm32cubeide_1.11.2/stm32cubeide/plugins/com.st.stm32cube.ide.mcu.externaltools.gnu-tools-for-stm32.10.3-2021.10.win32_1.0.200.202301161003/tools/bin/../lib/gcc/arm-none-eabi/10.3.1/thumb/v7e-m+fp/hard/crti.o
LOAD c:/st/stm32cubeide_1.11.2/stm32cubeide/plugins/com.st.stm32cube.ide.mcu.externaltools.gnu-tools-for-stm32.10.3-2021.10.win32_1.0.200.202301161003/tools/bin/../lib/gcc/arm-none-eabi/10.3.1/thumb/v7e-m+fp/hard/crtbegin.o
LOAD c:/st/stm32cubeide_1.11.2/stm32cubeide/plugins/com.st.stm32cube.ide.mcu.externaltools.gnu-tools-for-stm32.10.3-2021.10.win32_1.0.200.202301161003/tools/bin/../lib/gcc/arm-none-eabi/10.3.1/../../../../arm-none-eabi/lib/thumb/v7e-m+fp/hard/crt0.o
LOAD ./Core/Src/main.o
LOAD ./Core/Src/stm32f3xx_hal_msp.o
LOAD ./Core/Src/stm32f3xx_it.o
LOAD ./Core/Src/syscalls.o
LOAD ./Core/Src/sysmem.o
LOAD ./Core/Src/system_stm32f3xx.o
LOAD ./Core/Src/teste_ADC.o
LOAD ./Core/Startup/startup_stm32f303retx.o
LOAD ./Drivers/STM32F3xx_HAL_Driver/Src/stm32f3xx_hal.o
LOAD ./Drivers/STM32F3xx_HAL_Driver/Src/stm32f3xx_hal_adc.o
LOAD ./Drivers/STM32F3xx_HAL_Driver/Src/stm32f3xx_hal_adc_ex.o
LOAD ./Drivers/STM32F3xx_HAL_Driver/Src/stm32f3xx_hal_cortex.o
LOAD ./Drivers/STM32F3xx_HAL_Driver/Src/stm32f3xx_hal_dma.o
LOAD ./Drivers/STM32F3xx_HAL_Driver/Src/stm32f3xx_hal_exti.o
LOAD ./Drivers/STM32F3xx_HAL_Driver/Src/stm32f3xx_hal_flash.o
LOAD ./Drivers/STM32F3xx_HAL_Driver/Src/stm32f3xx_hal_flash_ex.o
LOAD ./Drivers/STM32F3xx_HAL_Driver/Src/stm32f3xx_hal_gpio.o
LOAD ./Drivers/STM32F3xx_HAL_Driver/Src/stm32f3xx_hal_i2c.o
LOAD ./Drivers/STM32F3xx_HAL_Driver/Src/stm32f3xx_hal_i2c_ex.o
LOAD ./Drivers/STM32F3xx_HAL_Driver/Src/stm32f3xx_hal_pwr.o
LOAD ./Drivers/STM32F3xx_HAL_Driver/Src/stm32f3xx_hal_pwr_ex.o
LOAD ./Drivers/STM32F3xx_HAL_Driver/Src/stm32f3xx_hal_rcc.o
LOAD ./Drivers/STM32F3xx_HAL_Driver/Src/stm32f3xx_hal_rcc_ex.o
LOAD ./Drivers/STM32F3xx_HAL_Driver/Src/stm32f3xx_hal_tim.o
LOAD ./Drivers/STM32F3xx_HAL_Driver/Src/stm32f3xx_hal_tim_ex.o
START GROUP
LOAD c:/st/stm32cubeide_1.11.2/stm32cubeide/plugins/com.st.stm32cube.ide.mcu.externaltools.gnu-tools-for-stm32.10.3-2021.10.win32_1.0.200.202301161003/tools/bin/../lib/gcc/arm-none-eabi/10.3.1/../../../../arm-none-eabi/lib/thumb/v7e-m+fp/hard\libc_nano.a
LOAD c:/st/stm32cubeide_1.11.2/stm32cubeide/plugins/com.st.stm32cube.ide.mcu.externaltools.gnu-tools-for-stm32.10.3-2021.10.win32_1.0.200.202301161003/tools/bin/../lib/gcc/arm-none-eabi/10.3.1/../../../../arm-none-eabi/lib/thumb/v7e-m+fp/hard\libm.a
END GROUP
START GROUP
LOAD c:/st/stm32cubeide_1.11.2/stm32cubeide/plugins/com.st.stm32cube.ide.mcu.externaltools.gnu-tools-for-stm32.10.3-2021.10.win32_1.0.200.202301161003/tools/bin/../lib/gcc/arm-none-eabi/10.3.1/thumb/v7e-m+fp/hard\libgcc.a
LOAD c:/st/stm32cubeide_1.11.2/stm32cubeide/plugins/com.st.stm32cube.ide.mcu.externaltools.gnu-tools-for-stm32.10.3-2021.10.win32_1.0.200.202301161003/tools/bin/../lib/gcc/arm-none-eabi/10.3.1/../../../../arm-none-eabi/lib/thumb/v7e-m+fp/hard\libc_nano.a
END GROUP
START GROUP
LOAD c:/st/stm32cubeide_1.11.2/stm32cubeide/plugins/com.st.stm32cube.ide.mcu.externaltools.gnu-tools-for-stm32.10.3-2021.10.win32_1.0.200.202301161003/tools/bin/../lib/gcc/arm-none-eabi/10.3.1/thumb/v7e-m+fp/hard\libgcc.a
LOAD c:/st/stm32cubeide_1.11.2/stm32cubeide/plugins/com.st.stm32cube.ide.mcu.externaltools.gnu-tools-for-stm32.10.3-2021.10.win32_1.0.200.202301161003/tools/bin/../lib/gcc/arm-none-eabi/10.3.1/../../../../arm-none-eabi/lib/thumb/v7e-m+fp/hard\libc_nano.a
LOAD c:/st/stm32cubeide_1.11.2/stm32cubeide/plugins/com.st.stm32cube.ide.mcu.externaltools.gnu-tools-for-stm32.10.3-2021.10.win32_1.0.200.202301161003/tools/bin/../lib/gcc/arm-none-eabi/10.3.1/../../../../arm-none-eabi/lib/thumb/v7e-m+fp/hard\libnosys.a
END GROUP
START GROUP
LOAD c:/st/stm32cubeide_1.11.2/stm32cubeide/plugins/com.st.stm32cube.ide.mcu.externaltools.gnu-tools-for-stm32.10.3-2021.10.win32_1.0.200.202301161003/tools/bin/../lib/gcc/arm-none-eabi/10.3.1/thumb/v7e-m+fp/hard\libgcc.a
LOAD c:/st/stm32cubeide_1.11.2/stm32cubeide/plugins/com.st.stm32cube.ide.mcu.externaltools.gnu-tools-for-stm32.10.3-2021.10.win32_1.0.200.202301161003/tools/bin/../lib/gcc/arm-none-eabi/10.3.1/../../../../arm-none-eabi/lib/thumb/v7e-m+fp/hard\libc_nano.a
LOAD c:/st/stm32cubeide_1.11.2/stm32cubeide/plugins/com.st.stm32cube.ide.mcu.externaltools.gnu-tools-for-stm32.10.3-2021.10.win32_1.0.200.202301161003/tools/bin/../lib/gcc/arm-none-eabi/10.3.1/../../../../arm-none-eabi/lib/thumb/v7e-m+fp/hard\libnosys.a
END GROUP
LOAD c:/st/stm32cubeide_1.11.2/stm32cubeide/plugins/com.st.stm32cube.ide.mcu.externaltools.gnu-tools-for-stm32.10.3-2021.10.win32_1.0.200.202301161003/tools/bin/../lib/gcc/arm-none-eabi/10.3.1/thumb/v7e-m+fp/hard/crtend.o
LOAD c:/st/stm32cubeide_1.11.2/stm32cubeide/plugins/com.st.stm32cube.ide.mcu.externaltools.gnu-tools-for-stm32.10.3-2021.10.win32_1.0.200.202301161003/tools/bin/../lib/gcc/arm-none-eabi/10.3.1/thumb/v7e-m+fp/hard/crtn.o
                0x0000000020010000                _estack = (ORIGIN (RAM) + LENGTH (RAM))
                0x0000000000000200                _Min_Heap_Size = 0x200
                0x0000000000000400                _Min_Stack_Size = 0x400

.isr_vector     0x0000000008000000      0x194
                0x0000000008000000                . = ALIGN (0x4)
 *(.isr_vector)
 .isr_vector    0x0000000008000000      0x194 ./Core/Startup/startup_stm32f303retx.o
                0x0000000008000000                g_pfnVectors
                0x0000000008000194                . = ALIGN (0x4)

.text           0x0000000008000194     0x36dc
                0x0000000008000194                . = ALIGN (0x4)
 *(.text)
 .text          0x0000000008000194       0x40 c:/st/stm32cubeide_1.11.2/stm32cubeide/plugins/com.st.stm32cube.ide.mcu.externaltools.gnu-tools-for-stm32.10.3-2021.10.win32_1.0.200.202301161003/tools/bin/../lib/gcc/arm-none-eabi/10.3.1/thumb/v7e-m+fp/hard/crtbegin.o
 *(.text*)
 .text.main     0x00000000080001d4       0x78 ./Core/Src/main.o
                0x00000000080001d4                main
 .text.SystemClock_Config
                0x000000000800024c       0xba ./Core/Src/main.o
                0x000000000800024c                SystemClock_Config
 *fill*         0x0000000008000306        0x2 
 .text.MX_ADC1_Init
                0x0000000008000308       0xe0 ./Core/Src/main.o
 .text.MX_GPIO_Init
                0x00000000080003e8       0x70 ./Core/Src/main.o
 .text.Error_Handler
                0x0000000008000458        0xa ./Core/Src/main.o
                0x0000000008000458                Error_Handler
 *fill*         0x0000000008000462        0x2 
 .text.HAL_MspInit
                0x0000000008000464       0x48 ./Core/Src/stm32f3xx_hal_msp.o
                0x0000000008000464                HAL_MspInit
 .text.HAL_ADC_MspInit
                0x00000000080004ac       0x78 ./Core/Src/stm32f3xx_hal_msp.o
                0x00000000080004ac                HAL_ADC_MspInit
 .text.NMI_Handler
                0x0000000008000524        0x6 ./Core/Src/stm32f3xx_it.o
                0x0000000008000524                NMI_Handler
 .text.HardFault_Handler
                0x000000000800052a        0x6 ./Core/Src/stm32f3xx_it.o
                0x000000000800052a                HardFault_Handler
 .text.MemManage_Handler
                0x0000000008000530        0x6 ./Core/Src/stm32f3xx_it.o
                0x0000000008000530                MemManage_Handler
 .text.BusFault_Handler
                0x0000000008000536        0x6 ./Core/Src/stm32f3xx_it.o
                0x0000000008000536                BusFault_Handler
 .text.UsageFault_Handler
                0x000000000800053c        0x6 ./Core/Src/stm32f3xx_it.o
                0x000000000800053c                UsageFault_Handler
 .text.SVC_Handler
                0x0000000008000542        0xe ./Core/Src/stm32f3xx_it.o
                0x0000000008000542                SVC_Handler
 .text.DebugMon_Handler
                0x0000000008000550        0xe ./Core/Src/stm32f3xx_it.o
                0x0000000008000550                DebugMon_Handler
 .text.PendSV_Handler
                0x000000000800055e        0xe ./Core/Src/stm32f3xx_it.o
                0x000000000800055e                PendSV_Handler
 .text.SysTick_Handler
                0x000000000800056c        0xc ./Core/Src/stm32f3xx_it.o
                0x000000000800056c                SysTick_Handler
 .text.SystemInit
                0x0000000008000578       0x24 ./Core/Src/system_stm32f3xx.o
                0x0000000008000578                SystemInit
 .text.ADC_Calibration
                0x000000000800059c       0x1a ./Core/Src/teste_ADC.o
                0x000000000800059c                ADC_Calibration
 .text.ADC_Start
                0x00000000080005b6       0x18 ./Core/Src/teste_ADC.o
                0x00000000080005b6                ADC_Start
 .text.ADC_PollForConversion
                0x00000000080005ce       0x1c ./Core/Src/teste_ADC.o
                0x00000000080005ce                ADC_PollForConversion
 .text.ADC_GetValue
                0x00000000080005ea       0x18 ./Core/Src/teste_ADC.o
                0x00000000080005ea                ADC_GetValue
 *fill*         0x0000000008000602        0x2 
 .text.teste_ADC
                0x0000000008000604       0xa8 ./Core/Src/teste_ADC.o
                0x0000000008000604                teste_ADC
 .text.Reset_Handler
                0x00000000080006ac       0x50 ./Core/Startup/startup_stm32f303retx.o
                0x00000000080006ac                Reset_Handler
 .text.Default_Handler
                0x00000000080006fc        0x2 ./Core/Startup/startup_stm32f303retx.o
                0x00000000080006fc                RTC_Alarm_IRQHandler
                0x00000000080006fc                TIM8_TRG_COM_IRQHandler
                0x00000000080006fc                TIM8_CC_IRQHandler
                0x00000000080006fc                SPI4_IRQHandler
                0x00000000080006fc                TIM1_CC_IRQHandler
                0x00000000080006fc                USB_HP_IRQHandler
                0x00000000080006fc                PVD_IRQHandler
                0x00000000080006fc                TAMP_STAMP_IRQHandler
                0x00000000080006fc                EXTI3_IRQHandler
                0x00000000080006fc                I2C3_ER_IRQHandler
                0x00000000080006fc                USB_HP_CAN_TX_IRQHandler
                0x00000000080006fc                EXTI0_IRQHandler
                0x00000000080006fc                I2C2_EV_IRQHandler
                0x00000000080006fc                FPU_IRQHandler
                0x00000000080006fc                TIM1_UP_TIM16_IRQHandler
                0x00000000080006fc                ADC1_2_IRQHandler
                0x00000000080006fc                SPI1_IRQHandler
                0x00000000080006fc                CAN_SCE_IRQHandler
                0x00000000080006fc                TIM6_DAC_IRQHandler
                0x00000000080006fc                TIM8_UP_IRQHandler
                0x00000000080006fc                DMA2_Channel2_IRQHandler
                0x00000000080006fc                DMA1_Channel4_IRQHandler
                0x00000000080006fc                TIM20_TRG_COM_IRQHandler
                0x00000000080006fc                USART3_IRQHandler
                0x00000000080006fc                DMA1_Channel7_IRQHandler
                0x00000000080006fc                UART5_IRQHandler
                0x00000000080006fc                ADC3_IRQHandler
                0x00000000080006fc                TIM4_IRQHandler
                0x00000000080006fc                CAN_RX1_IRQHandler
                0x00000000080006fc                DMA2_Channel1_IRQHandler
                0x00000000080006fc                I2C1_EV_IRQHandler
                0x00000000080006fc                DMA1_Channel6_IRQHandler
                0x00000000080006fc                UART4_IRQHandler
                0x00000000080006fc                DMA2_Channel4_IRQHandler
                0x00000000080006fc                TIM3_IRQHandler
                0x00000000080006fc                RCC_IRQHandler
                0x00000000080006fc                TIM20_UP_IRQHandler
                0x00000000080006fc                DMA1_Channel1_IRQHandler
                0x00000000080006fc                Default_Handler
                0x00000000080006fc                USBWakeUp_RMP_IRQHandler
                0x00000000080006fc                EXTI15_10_IRQHandler
                0x00000000080006fc                TIM7_IRQHandler
                0x00000000080006fc                I2C3_EV_IRQHandler
                0x00000000080006fc                EXTI9_5_IRQHandler
                0x00000000080006fc                RTC_WKUP_IRQHandler
                0x00000000080006fc                SPI2_IRQHandler
                0x00000000080006fc                USB_LP_CAN_RX0_IRQHandler
                0x00000000080006fc                DMA2_Channel5_IRQHandler
                0x00000000080006fc                DMA1_Channel5_IRQHandler
                0x00000000080006fc                USB_LP_IRQHandler
                0x00000000080006fc                EXTI4_IRQHandler
                0x00000000080006fc                TIM1_TRG_COM_TIM17_IRQHandler
                0x00000000080006fc                DMA1_Channel3_IRQHandler
                0x00000000080006fc                ADC4_IRQHandler
                0x00000000080006fc                WWDG_IRQHandler
                0x00000000080006fc                TIM2_IRQHandler
                0x00000000080006fc                COMP7_IRQHandler
                0x00000000080006fc                COMP1_2_3_IRQHandler
                0x00000000080006fc                EXTI1_IRQHandler
                0x00000000080006fc                USART2_IRQHandler
                0x00000000080006fc                COMP4_5_6_IRQHandler
                0x00000000080006fc                TIM20_BRK_IRQHandler
                0x00000000080006fc                I2C2_ER_IRQHandler
                0x00000000080006fc                DMA1_Channel2_IRQHandler
                0x00000000080006fc                TIM8_BRK_IRQHandler
                0x00000000080006fc                FLASH_IRQHandler
                0x00000000080006fc                TIM20_CC_IRQHandler
                0x00000000080006fc                USART1_IRQHandler
                0x00000000080006fc                SPI3_IRQHandler
                0x00000000080006fc                I2C1_ER_IRQHandler
                0x00000000080006fc                FMC_IRQHandler
                0x00000000080006fc                USBWakeUp_IRQHandler
                0x00000000080006fc                DMA2_Channel3_IRQHandler
                0x00000000080006fc                EXTI2_TSC_IRQHandler
                0x00000000080006fc                TIM1_BRK_TIM15_IRQHandler
 *fill*         0x00000000080006fe        0x2 
 .text.HAL_Init
                0x0000000008000700       0x2c ./Drivers/STM32F3xx_HAL_Driver/Src/stm32f3xx_hal.o
                0x0000000008000700                HAL_Init
 .text.HAL_InitTick
                0x000000000800072c       0x60 ./Drivers/STM32F3xx_HAL_Driver/Src/stm32f3xx_hal.o
                0x000000000800072c                HAL_InitTick
 .text.HAL_IncTick
                0x000000000800078c       0x28 ./Drivers/STM32F3xx_HAL_Driver/Src/stm32f3xx_hal.o
                0x000000000800078c                HAL_IncTick
 .text.HAL_GetTick
                0x00000000080007b4       0x18 ./Drivers/STM32F3xx_HAL_Driver/Src/stm32f3xx_hal.o
                0x00000000080007b4                HAL_GetTick
 .text.HAL_ADC_Init
                0x00000000080007cc      0x3f4 ./Drivers/STM32F3xx_HAL_Driver/Src/stm32f3xx_hal_adc_ex.o
                0x00000000080007cc                HAL_ADC_Init
 .text.HAL_ADC_Start
                0x0000000008000bc0      0x22c ./Drivers/STM32F3xx_HAL_Driver/Src/stm32f3xx_hal_adc_ex.o
                0x0000000008000bc0                HAL_ADC_Start
 .text.HAL_ADC_PollForConversion
                0x0000000008000dec      0x204 ./Drivers/STM32F3xx_HAL_Driver/Src/stm32f3xx_hal_adc_ex.o
                0x0000000008000dec                HAL_ADC_PollForConversion
 .text.HAL_ADC_GetValue
                0x0000000008000ff0       0x1a ./Drivers/STM32F3xx_HAL_Driver/Src/stm32f3xx_hal_adc_ex.o
                0x0000000008000ff0                HAL_ADC_GetValue
 .text.HAL_ADCEx_Calibration_Start
                0x000000000800100a       0xe4 ./Drivers/STM32F3xx_HAL_Driver/Src/stm32f3xx_hal_adc_ex.o
                0x000000000800100a                HAL_ADCEx_Calibration_Start
 *fill*         0x00000000080010ee        0x2 
 .text.HAL_ADC_ConfigChannel
                0x00000000080010f0      0x5d8 ./Drivers/STM32F3xx_HAL_Driver/Src/stm32f3xx_hal_adc_ex.o
                0x00000000080010f0                HAL_ADC_ConfigChannel
 .text.HAL_ADCEx_MultiModeConfigChannel
                0x00000000080016c8      0x1e4 ./Drivers/STM32F3xx_HAL_Driver/Src/stm32f3xx_hal_adc_ex.o
                0x00000000080016c8                HAL_ADCEx_MultiModeConfigChannel
 .text.ADC_Enable
                0x00000000080018ac       0xc8 ./Drivers/STM32F3xx_HAL_Driver/Src/stm32f3xx_hal_adc_ex.o
 .text.ADC_Disable
                0x0000000008001974       0xcc ./Drivers/STM32F3xx_HAL_Driver/Src/stm32f3xx_hal_adc_ex.o
 .text.__NVIC_SetPriorityGrouping
                0x0000000008001a40       0x48 ./Drivers/STM32F3xx_HAL_Driver/Src/stm32f3xx_hal_cortex.o
 .text.__NVIC_GetPriorityGrouping
                0x0000000008001a88       0x1c ./Drivers/STM32F3xx_HAL_Driver/Src/stm32f3xx_hal_cortex.o
 .text.__NVIC_SetPriority
                0x0000000008001aa4       0x54 ./Drivers/STM32F3xx_HAL_Driver/Src/stm32f3xx_hal_cortex.o
 .text.NVIC_EncodePriority
                0x0000000008001af8       0x66 ./Drivers/STM32F3xx_HAL_Driver/Src/stm32f3xx_hal_cortex.o
 *fill*         0x0000000008001b5e        0x2 
 .text.SysTick_Config
                0x0000000008001b60       0x44 ./Drivers/STM32F3xx_HAL_Driver/Src/stm32f3xx_hal_cortex.o
 .text.HAL_NVIC_SetPriorityGrouping
                0x0000000008001ba4       0x16 ./Drivers/STM32F3xx_HAL_Driver/Src/stm32f3xx_hal_cortex.o
                0x0000000008001ba4                HAL_NVIC_SetPriorityGrouping
 .text.HAL_NVIC_SetPriority
                0x0000000008001bba       0x38 ./Drivers/STM32F3xx_HAL_Driver/Src/stm32f3xx_hal_cortex.o
                0x0000000008001bba                HAL_NVIC_SetPriority
 .text.HAL_SYSTICK_Config
                0x0000000008001bf2       0x18 ./Drivers/STM32F3xx_HAL_Driver/Src/stm32f3xx_hal_cortex.o
                0x0000000008001bf2                HAL_SYSTICK_Config
 *fill*         0x0000000008001c0a        0x2 
 .text.HAL_GPIO_Init
                0x0000000008001c0c      0x314 ./Drivers/STM32F3xx_HAL_Driver/Src/stm32f3xx_hal_gpio.o
                0x0000000008001c0c                HAL_GPIO_Init
 .text.HAL_GPIO_ReadPin
                0x0000000008001f20       0x30 ./Drivers/STM32F3xx_HAL_Driver/Src/stm32f3xx_hal_gpio.o
                0x0000000008001f20                HAL_GPIO_ReadPin
 .text.HAL_RCC_OscConfig
                0x0000000008001f50     0x10a8 ./Drivers/STM32F3xx_HAL_Driver/Src/stm32f3xx_hal_rcc.o
                0x0000000008001f50                HAL_RCC_OscConfig
 .text.HAL_RCC_ClockConfig
                0x0000000008002ff8      0x2f8 ./Drivers/STM32F3xx_HAL_Driver/Src/stm32f3xx_hal_rcc.o
                0x0000000008002ff8                HAL_RCC_ClockConfig
 .text.HAL_RCC_GetSysClockFreq
                0x00000000080032f0       0xd4 ./Drivers/STM32F3xx_HAL_Driver/Src/stm32f3xx_hal_rcc.o
                0x00000000080032f0                HAL_RCC_GetSysClockFreq
 .text.HAL_RCCEx_PeriphCLKConfig
                0x00000000080033c4      0x43c ./Drivers/STM32F3xx_HAL_Driver/Src/stm32f3xx_hal_rcc_ex.o
                0x00000000080033c4                HAL_RCCEx_PeriphCLKConfig
 .text.__libc_init_array
                0x0000000008003800       0x48 c:/st/stm32cubeide_1.11.2/stm32cubeide/plugins/com.st.stm32cube.ide.mcu.externaltools.gnu-tools-for-stm32.10.3-2021.10.win32_1.0.200.202301161003/tools/bin/../lib/gcc/arm-none-eabi/10.3.1/../../../../arm-none-eabi/lib/thumb/v7e-m+fp/hard\libc_nano.a(lib_a-init.o)
                0x0000000008003800                __libc_init_array
 .text.memset   0x0000000008003848       0x10 c:/st/stm32cubeide_1.11.2/stm32cubeide/plugins/com.st.stm32cube.ide.mcu.externaltools.gnu-tools-for-stm32.10.3-2021.10.win32_1.0.200.202301161003/tools/bin/../lib/gcc/arm-none-eabi/10.3.1/../../../../arm-none-eabi/lib/thumb/v7e-m+fp/hard\libc_nano.a(lib_a-memset.o)
                0x0000000008003848                memset
 *(.glue_7)
 .glue_7        0x0000000008003858        0x0 linker stubs
 *(.glue_7t)
 .glue_7t       0x0000000008003858        0x0 linker stubs
 *(.eh_frame)
 .eh_frame      0x0000000008003858        0x0 c:/st/stm32cubeide_1.11.2/stm32cubeide/plugins/com.st.stm32cube.ide.mcu.externaltools.gnu-tools-for-stm32.10.3-2021.10.win32_1.0.200.202301161003/tools/bin/../lib/gcc/arm-none-eabi/10.3.1/thumb/v7e-m+fp/hard/crtbegin.o
 *(.init)
 .init          0x0000000008003858        0x4 c:/st/stm32cubeide_1.11.2/stm32cubeide/plugins/com.st.stm32cube.ide.mcu.externaltools.gnu-tools-for-stm32.10.3-2021.10.win32_1.0.200.202301161003/tools/bin/../lib/gcc/arm-none-eabi/10.3.1/thumb/v7e-m+fp/hard/crti.o
                0x0000000008003858                _init
 .init          0x000000000800385c        0x8 c:/st/stm32cubeide_1.11.2/stm32cubeide/plugins/com.st.stm32cube.ide.mcu.externaltools.gnu-tools-for-stm32.10.3-2021.10.win32_1.0.200.202301161003/tools/bin/../lib/gcc/arm-none-eabi/10.3.1/thumb/v7e-m+fp/hard/crtn.o
 *(.fini)
 .fini          0x0000000008003864        0x4 c:/st/stm32cubeide_1.11.2/stm32cubeide/plugins/com.st.stm32cube.ide.mcu.externaltools.gnu-tools-for-stm32.10.3-2021.10.win32_1.0.200.202301161003/tools/bin/../lib/gcc/arm-none-eabi/10.3.1/thumb/v7e-m+fp/hard/crti.o
                0x0000000008003864                _fini
 .fini          0x0000000008003868        0x8 c:/st/stm32cubeide_1.11.2/stm32cubeide/plugins/com.st.stm32cube.ide.mcu.externaltools.gnu-tools-for-stm32.10.3-2021.10.win32_1.0.200.202301161003/tools/bin/../lib/gcc/arm-none-eabi/10.3.1/thumb/v7e-m+fp/hard/crtn.o
                0x0000000008003870                . = ALIGN (0x4)
                0x0000000008003870                _etext = .

.vfp11_veneer   0x0000000008003870        0x0
 .vfp11_veneer  0x0000000008003870        0x0 linker stubs

.v4_bx          0x0000000008003870        0x0
 .v4_bx         0x0000000008003870        0x0 linker stubs

.iplt           0x0000000008003870        0x0
 .iplt          0x0000000008003870        0x0 c:/st/stm32cubeide_1.11.2/stm32cubeide/plugins/com.st.stm32cube.ide.mcu.externaltools.gnu-tools-for-stm32.10.3-2021.10.win32_1.0.200.202301161003/tools/bin/../lib/gcc/arm-none-eabi/10.3.1/thumb/v7e-m+fp/hard/crtbegin.o

.rodata         0x0000000008003870       0x30
                0x0000000008003870                . = ALIGN (0x4)
 *(.rodata)
 *(.rodata*)
 .rodata.AHBPrescTable
                0x0000000008003870       0x10 ./Core/Src/system_stm32f3xx.o
                0x0000000008003870                AHBPrescTable
 .rodata.aPLLMULFactorTable
                0x0000000008003880       0x10 ./Drivers/STM32F3xx_HAL_Driver/Src/stm32f3xx_hal_rcc.o
 .rodata.aPredivFactorTable
                0x0000000008003890       0x10 ./Drivers/STM32F3xx_HAL_Driver/Src/stm32f3xx_hal_rcc.o
                0x00000000080038a0                . = ALIGN (0x4)

.rel.dyn        0x00000000080038a0        0x0
 .rel.iplt      0x00000000080038a0        0x0 c:/st/stm32cubeide_1.11.2/stm32cubeide/plugins/com.st.stm32cube.ide.mcu.externaltools.gnu-tools-for-stm32.10.3-2021.10.win32_1.0.200.202301161003/tools/bin/../lib/gcc/arm-none-eabi/10.3.1/thumb/v7e-m+fp/hard/crtbegin.o

.ARM.extab      0x00000000080038a0        0x0
                0x00000000080038a0                . = ALIGN (0x4)
 *(.ARM.extab* .gnu.linkonce.armextab.*)
                0x00000000080038a0                . = ALIGN (0x4)

.ARM            0x00000000080038a0        0x0
                0x00000000080038a0                . = ALIGN (0x4)
                0x00000000080038a0                __exidx_start = .
 *(.ARM.exidx*)
                0x00000000080038a0                __exidx_end = .
                0x00000000080038a0                . = ALIGN (0x4)

.preinit_array  0x00000000080038a0        0x0
                0x00000000080038a0                . = ALIGN (0x4)
                0x00000000080038a0                PROVIDE (__preinit_array_start = .)
 *(.preinit_array*)
                0x00000000080038a0                PROVIDE (__preinit_array_end = .)
                0x00000000080038a0                . = ALIGN (0x4)

.init_array     0x00000000080038a0        0x4
                0x00000000080038a0                . = ALIGN (0x4)
                0x00000000080038a0                PROVIDE (__init_array_start = .)
 *(SORT_BY_NAME(.init_array.*))
 *(.init_array*)
 .init_array    0x00000000080038a0        0x4 c:/st/stm32cubeide_1.11.2/stm32cubeide/plugins/com.st.stm32cube.ide.mcu.externaltools.gnu-tools-for-stm32.10.3-2021.10.win32_1.0.200.202301161003/tools/bin/../lib/gcc/arm-none-eabi/10.3.1/thumb/v7e-m+fp/hard/crtbegin.o
                0x00000000080038a4                PROVIDE (__init_array_end = .)
                0x00000000080038a4                . = ALIGN (0x4)

.fini_array     0x00000000080038a4        0x4
                0x00000000080038a4                . = ALIGN (0x4)
                [!provide]                        PROVIDE (__fini_array_start = .)
 *(SORT_BY_NAME(.fini_array.*))
 *(.fini_array*)
 .fini_array    0x00000000080038a4        0x4 c:/st/stm32cubeide_1.11.2/stm32cubeide/plugins/com.st.stm32cube.ide.mcu.externaltools.gnu-tools-for-stm32.10.3-2021.10.win32_1.0.200.202301161003/tools/bin/../lib/gcc/arm-none-eabi/10.3.1/thumb/v7e-m+fp/hard/crtbegin.o
                [!provide]                        PROVIDE (__fini_array_end = .)
                0x00000000080038a8                . = ALIGN (0x4)
                0x00000000080038a8                _sidata = LOADADDR (.data)

.data           0x0000000020000000        0xc load address 0x00000000080038a8
                0x0000000020000000                . = ALIGN (0x4)
                0x0000000020000000                _sdata = .
 *(.data)
 *(.data*)
 .data.SystemCoreClock
                0x0000000020000000        0x4 ./Core/Src/system_stm32f3xx.o
                0x0000000020000000                SystemCoreClock
 .data.uwTickPrio
                0x0000000020000004        0x4 ./Drivers/STM32F3xx_HAL_Driver/Src/stm32f3xx_hal.o
                0x0000000020000004                uwTickPrio
 .data.uwTickFreq
                0x0000000020000008        0x1 ./Drivers/STM32F3xx_HAL_Driver/Src/stm32f3xx_hal.o
                0x0000000020000008                uwTickFreq
 *(.RamFunc)
 *(.RamFunc*)
                0x000000002000000c                . = ALIGN (0x4)
 *fill*         0x0000000020000009        0x3 
                0x000000002000000c                _edata = .
                0x00000000080038b4                _siccmram = LOADADDR (.ccmram)

.igot.plt       0x000000002000000c        0x0 load address 0x00000000080038b4
 .igot.plt      0x000000002000000c        0x0 c:/st/stm32cubeide_1.11.2/stm32cubeide/plugins/com.st.stm32cube.ide.mcu.externaltools.gnu-tools-for-stm32.10.3-2021.10.win32_1.0.200.202301161003/tools/bin/../lib/gcc/arm-none-eabi/10.3.1/thumb/v7e-m+fp/hard/crtbegin.o

.ccmram         0x0000000010000000        0x0 load address 0x00000000080038b4
                0x0000000010000000                . = ALIGN (0x4)
                0x0000000010000000                _sccmram = .
 *(.ccmram)
 *(.ccmram*)
                0x0000000010000000                . = ALIGN (0x4)
                0x0000000010000000                _eccmram = .
                0x0000000010000000                . = ALIGN (0x4)

.bss            0x000000002000000c       0x7c
                0x000000002000000c                _sbss = .
                0x000000002000000c                __bss_start__ = _sbss
 *(.bss)
 .bss           0x000000002000000c       0x1c c:/st/stm32cubeide_1.11.2/stm32cubeide/plugins/com.st.stm32cube.ide.mcu.externaltools.gnu-tools-for-stm32.10.3-2021.10.win32_1.0.200.202301161003/tools/bin/../lib/gcc/arm-none-eabi/10.3.1/thumb/v7e-m+fp/hard/crtbegin.o
 *(.bss*)
 .bss.hadc1     0x0000000020000028       0x50 ./Core/Src/main.o
                0x0000000020000028                hadc1
 .bss.tensao_media
                0x0000000020000078        0x4 ./Core/Src/main.o
                0x0000000020000078                tensao_media
 .bss.button_status
                0x000000002000007c        0x4 ./Core/Src/main.o
                0x000000002000007c                button_status
 .bss.status    0x0000000020000080        0x1 ./Core/Src/teste_ADC.o
                0x0000000020000080                status
 *fill*         0x0000000020000081        0x3 
 .bss.uwTick    0x0000000020000084        0x4 ./Drivers/STM32F3xx_HAL_Driver/Src/stm32f3xx_hal.o
                0x0000000020000084                uwTick
 *(COMMON)
                0x0000000020000088                . = ALIGN (0x4)
                0x0000000020000088                _ebss = .
                0x0000000020000088                __bss_end__ = _ebss

._user_heap_stack
                0x0000000020000088      0x600
                0x0000000020000088                . = ALIGN (0x8)
                [!provide]                        PROVIDE (end = .)
                0x0000000020000088                PROVIDE (_end = .)
                0x0000000020000288                . = (. + _Min_Heap_Size)
 *fill*         0x0000000020000088      0x200 
                0x0000000020000688                . = (. + _Min_Stack_Size)
 *fill*         0x0000000020000288      0x400 
                0x0000000020000688                . = ALIGN (0x8)

/DISCARD/
 libc.a(*)
 libm.a(*)
 libgcc.a(*)

.ARM.attributes
                0x0000000000000000       0x30
 *(.ARM.attributes)
 .ARM.attributes
                0x0000000000000000       0x1e c:/st/stm32cubeide_1.11.2/stm32cubeide/plugins/com.st.stm32cube.ide.mcu.externaltools.gnu-tools-for-stm32.10.3-2021.10.win32_1.0.200.202301161003/tools/bin/../lib/gcc/arm-none-eabi/10.3.1/thumb/v7e-m+fp/hard/crti.o
 .ARM.attributes
                0x000000000000001e       0x34 c:/st/stm32cubeide_1.11.2/stm32cubeide/plugins/com.st.stm32cube.ide.mcu.externaltools.gnu-tools-for-stm32.10.3-2021.10.win32_1.0.200.202301161003/tools/bin/../lib/gcc/arm-none-eabi/10.3.1/thumb/v7e-m+fp/hard/crtbegin.o
 .ARM.attributes
                0x0000000000000052       0x34 ./Core/Src/main.o
 .ARM.attributes
                0x0000000000000086       0x34 ./Core/Src/stm32f3xx_hal_msp.o
 .ARM.attributes
                0x00000000000000ba       0x34 ./Core/Src/stm32f3xx_it.o
 .ARM.attributes
                0x00000000000000ee       0x34 ./Core/Src/system_stm32f3xx.o
 .ARM.attributes
                0x0000000000000122       0x34 ./Core/Src/teste_ADC.o
 .ARM.attributes
                0x0000000000000156       0x21 ./Core/Startup/startup_stm32f303retx.o
 .ARM.attributes
                0x0000000000000177       0x34 ./Drivers/STM32F3xx_HAL_Driver/Src/stm32f3xx_hal.o
 .ARM.attributes
                0x00000000000001ab       0x34 ./Drivers/STM32F3xx_HAL_Driver/Src/stm32f3xx_hal_adc_ex.o
 .ARM.attributes
                0x00000000000001df       0x34 ./Drivers/STM32F3xx_HAL_Driver/Src/stm32f3xx_hal_cortex.o
 .ARM.attributes
                0x0000000000000213       0x34 ./Drivers/STM32F3xx_HAL_Driver/Src/stm32f3xx_hal_gpio.o
 .ARM.attributes
                0x0000000000000247       0x34 ./Drivers/STM32F3xx_HAL_Driver/Src/stm32f3xx_hal_rcc.o
 .ARM.attributes
                0x000000000000027b       0x34 ./Drivers/STM32F3xx_HAL_Driver/Src/stm32f3xx_hal_rcc_ex.o
 .ARM.attributes
                0x00000000000002af       0x34 c:/st/stm32cubeide_1.11.2/stm32cubeide/plugins/com.st.stm32cube.ide.mcu.externaltools.gnu-tools-for-stm32.10.3-2021.10.win32_1.0.200.202301161003/tools/bin/../lib/gcc/arm-none-eabi/10.3.1/../../../../arm-none-eabi/lib/thumb/v7e-m+fp/hard\libc_nano.a(lib_a-init.o)
 .ARM.attributes
                0x00000000000002e3       0x34 c:/st/stm32cubeide_1.11.2/stm32cubeide/plugins/com.st.stm32cube.ide.mcu.externaltools.gnu-tools-for-stm32.10.3-2021.10.win32_1.0.200.202301161003/tools/bin/../lib/gcc/arm-none-eabi/10.3.1/../../../../arm-none-eabi/lib/thumb/v7e-m+fp/hard\libc_nano.a(lib_a-memset.o)
 .ARM.attributes
                0x0000000000000317       0x1e c:/st/stm32cubeide_1.11.2/stm32cubeide/plugins/com.st.stm32cube.ide.mcu.externaltools.gnu-tools-for-stm32.10.3-2021.10.win32_1.0.200.202301161003/tools/bin/../lib/gcc/arm-none-eabi/10.3.1/thumb/v7e-m+fp/hard/crtn.o
OUTPUT(testeADC.elf elf32-littlearm)
LOAD linker stubs
LOAD c:/st/stm32cubeide_1.11.2/stm32cubeide/plugins/com.st.stm32cube.ide.mcu.externaltools.gnu-tools-for-stm32.10.3-2021.10.win32_1.0.200.202301161003/tools/bin/../lib/gcc/arm-none-eabi/10.3.1/../../../../arm-none-eabi/lib/thumb/v7e-m+fp/hard\libc.a
LOAD c:/st/stm32cubeide_1.11.2/stm32cubeide/plugins/com.st.stm32cube.ide.mcu.externaltools.gnu-tools-for-stm32.10.3-2021.10.win32_1.0.200.202301161003/tools/bin/../lib/gcc/arm-none-eabi/10.3.1/../../../../arm-none-eabi/lib/thumb/v7e-m+fp/hard\libm.a
LOAD c:/st/stm32cubeide_1.11.2/stm32cubeide/plugins/com.st.stm32cube.ide.mcu.externaltools.gnu-tools-for-stm32.10.3-2021.10.win32_1.0.200.202301161003/tools/bin/../lib/gcc/arm-none-eabi/10.3.1/thumb/v7e-m+fp/hard\libgcc.a

.debug_info     0x0000000000000000     0x7d83
 .debug_info    0x0000000000000000      0xe6b ./Core/Src/main.o
 .debug_info    0x0000000000000e6b      0x97c ./Core/Src/stm32f3xx_hal_msp.o
 .debug_info    0x00000000000017e7      0x122 ./Core/Src/stm32f3xx_it.o
 .debug_info    0x0000000000001909      0x416 ./Core/Src/system_stm32f3xx.o
 .debug_info    0x0000000000001d1f     0x1016 ./Core/Src/teste_ADC.o
 .debug_info    0x0000000000002d35       0x22 ./Core/Startup/startup_stm32f303retx.o
 .debug_info    0x0000000000002d57      0x837 ./Drivers/STM32F3xx_HAL_Driver/Src/stm32f3xx_hal.o
 .debug_info    0x000000000000358e     0x16d2 ./Drivers/STM32F3xx_HAL_Driver/Src/stm32f3xx_hal_adc_ex.o
 .debug_info    0x0000000000004c60      0xdb5 ./Drivers/STM32F3xx_HAL_Driver/Src/stm32f3xx_hal_cortex.o
 .debug_info    0x0000000000005a15      0x74e ./Drivers/STM32F3xx_HAL_Driver/Src/stm32f3xx_hal_gpio.o
 .debug_info    0x0000000000006163     0x1596 ./Drivers/STM32F3xx_HAL_Driver/Src/stm32f3xx_hal_rcc.o
 .debug_info    0x00000000000076f9      0x68a ./Drivers/STM32F3xx_HAL_Driver/Src/stm32f3xx_hal_rcc_ex.o

.debug_abbrev   0x0000000000000000     0x1631
 .debug_abbrev  0x0000000000000000      0x235 ./Core/Src/main.o
 .debug_abbrev  0x0000000000000235      0x194 ./Core/Src/stm32f3xx_hal_msp.o
 .debug_abbrev  0x00000000000003c9       0x74 ./Core/Src/stm32f3xx_it.o
 .debug_abbrev  0x000000000000043d      0x116 ./Core/Src/system_stm32f3xx.o
 .debug_abbrev  0x0000000000000553      0x23a ./Core/Src/teste_ADC.o
 .debug_abbrev  0x000000000000078d       0x12 ./Core/Startup/startup_stm32f303retx.o
 .debug_abbrev  0x000000000000079f      0x20e ./Drivers/STM32F3xx_HAL_Driver/Src/stm32f3xx_hal.o
 .debug_abbrev  0x00000000000009ad      0x27a ./Drivers/STM32F3xx_HAL_Driver/Src/stm32f3xx_hal_adc_ex.o
 .debug_abbrev  0x0000000000000c27      0x316 ./Drivers/STM32F3xx_HAL_Driver/Src/stm32f3xx_hal_cortex.o
 .debug_abbrev  0x0000000000000f3d      0x1bb ./Drivers/STM32F3xx_HAL_Driver/Src/stm32f3xx_hal_gpio.o
 .debug_abbrev  0x00000000000010f8      0x2f9 ./Drivers/STM32F3xx_HAL_Driver/Src/stm32f3xx_hal_rcc.o
 .debug_abbrev  0x00000000000013f1      0x240 ./Drivers/STM32F3xx_HAL_Driver/Src/stm32f3xx_hal_rcc_ex.o

.debug_aranges  0x0000000000000000      0x600
 .debug_aranges
                0x0000000000000000       0x40 ./Core/Src/main.o
 .debug_aranges
                0x0000000000000040       0x30 ./Core/Src/stm32f3xx_hal_msp.o
 .debug_aranges
                0x0000000000000070       0x60 ./Core/Src/stm32f3xx_it.o
 .debug_aranges
                0x00000000000000d0       0x28 ./Core/Src/system_stm32f3xx.o
 .debug_aranges
                0x00000000000000f8       0x68 ./Core/Src/teste_ADC.o
 .debug_aranges
                0x0000000000000160       0x28 ./Core/Startup/startup_stm32f303retx.o
 .debug_aranges
                0x0000000000000188       0xe0 ./Drivers/STM32F3xx_HAL_Driver/Src/stm32f3xx_hal.o
 .debug_aranges
                0x0000000000000268      0x168 ./Drivers/STM32F3xx_HAL_Driver/Src/stm32f3xx_hal_adc_ex.o
 .debug_aranges
                0x00000000000003d0      0x118 ./Drivers/STM32F3xx_HAL_Driver/Src/stm32f3xx_hal_cortex.o
 .debug_aranges
                0x00000000000004e8       0x58 ./Drivers/STM32F3xx_HAL_Driver/Src/stm32f3xx_hal_gpio.o
 .debug_aranges
                0x0000000000000540       0x88 ./Drivers/STM32F3xx_HAL_Driver/Src/stm32f3xx_hal_rcc.o
 .debug_aranges
                0x00000000000005c8       0x38 ./Drivers/STM32F3xx_HAL_Driver/Src/stm32f3xx_hal_rcc_ex.o

.debug_ranges   0x0000000000000000      0x548
 .debug_ranges  0x0000000000000000       0x30 ./Core/Src/main.o
 .debug_ranges  0x0000000000000030       0x20 ./Core/Src/stm32f3xx_hal_msp.o
 .debug_ranges  0x0000000000000050       0x50 ./Core/Src/stm32f3xx_it.o
 .debug_ranges  0x00000000000000a0       0x18 ./Core/Src/system_stm32f3xx.o
 .debug_ranges  0x00000000000000b8       0x58 ./Core/Src/teste_ADC.o
 .debug_ranges  0x0000000000000110       0x20 ./Core/Startup/startup_stm32f303retx.o
 .debug_ranges  0x0000000000000130       0xd0 ./Drivers/STM32F3xx_HAL_Driver/Src/stm32f3xx_hal.o
 .debug_ranges  0x0000000000000200      0x158 ./Drivers/STM32F3xx_HAL_Driver/Src/stm32f3xx_hal_adc_ex.o
 .debug_ranges  0x0000000000000358      0x108 ./Drivers/STM32F3xx_HAL_Driver/Src/stm32f3xx_hal_cortex.o
 .debug_ranges  0x0000000000000460       0x48 ./Drivers/STM32F3xx_HAL_Driver/Src/stm32f3xx_hal_gpio.o
 .debug_ranges  0x00000000000004a8       0x78 ./Drivers/STM32F3xx_HAL_Driver/Src/stm32f3xx_hal_rcc.o
 .debug_ranges  0x0000000000000520       0x28 ./Drivers/STM32F3xx_HAL_Driver/Src/stm32f3xx_hal_rcc_ex.o

.debug_macro    0x0000000000000000    0x1f637
 .debug_macro   0x0000000000000000      0x1d6 ./Core/Src/main.o
 .debug_macro   0x00000000000001d6      0xa78 ./Core/Src/main.o
 .debug_macro   0x0000000000000c4e      0x151 ./Core/Src/main.o
 .debug_macro   0x0000000000000d9f       0x2e ./Core/Src/main.o
 .debug_macro   0x0000000000000dcd       0x28 ./Core/Src/main.o
 .debug_macro   0x0000000000000df5       0x22 ./Core/Src/main.o
 .debug_macro   0x0000000000000e17       0x8e ./Core/Src/main.o
 .debug_macro   0x0000000000000ea5       0x51 ./Core/Src/main.o
 .debug_macro   0x0000000000000ef6      0x103 ./Core/Src/main.o
 .debug_macro   0x0000000000000ff9       0x6a ./Core/Src/main.o
 .debug_macro   0x0000000000001063      0x1df ./Core/Src/main.o
 .debug_macro   0x0000000000001242       0x1c ./Core/Src/main.o
 .debug_macro   0x000000000000125e       0x22 ./Core/Src/main.o
 .debug_macro   0x0000000000001280       0xd9 ./Core/Src/main.o
 .debug_macro   0x0000000000001359     0x102d ./Core/Src/main.o
 .debug_macro   0x0000000000002386      0x11f ./Core/Src/main.o
 .debug_macro   0x00000000000024a5    0x1535a ./Core/Src/main.o
 .debug_macro   0x00000000000177ff       0x6d ./Core/Src/main.o
 .debug_macro   0x000000000001786c     0x3558 ./Core/Src/main.o
 .debug_macro   0x000000000001adc4      0x174 ./Core/Src/main.o
 .debug_macro   0x000000000001af38       0x55 ./Core/Src/main.o
 .debug_macro   0x000000000001af8d      0x953 ./Core/Src/main.o
 .debug_macro   0x000000000001b8e0      0x84a ./Core/Src/main.o
 .debug_macro   0x000000000001c12a      0x1b5 ./Core/Src/main.o
 .debug_macro   0x000000000001c2df      0x23a ./Core/Src/main.o
 .debug_macro   0x000000000001c519      0x1ea ./Core/Src/main.o
 .debug_macro   0x000000000001c703      0x1bc ./Core/Src/main.o
 .debug_macro   0x000000000001c8bf       0x30 ./Core/Src/main.o
 .debug_macro   0x000000000001c8ef       0x3c ./Core/Src/main.o
 .debug_macro   0x000000000001c92b      0x235 ./Core/Src/main.o
 .debug_macro   0x000000000001cb60      0x9fe ./Core/Src/main.o
 .debug_macro   0x000000000001d55e       0x77 ./Core/Src/main.o
 .debug_macro   0x000000000001d5d5       0xc5 ./Core/Src/main.o
 .debug_macro   0x000000000001d69a      0x21d ./Core/Src/main.o
 .debug_macro   0x000000000001d8b7      0x22c ./Core/Src/main.o
 .debug_macro   0x000000000001dae3       0x5b ./Core/Src/main.o
 .debug_macro   0x000000000001db3e       0xa5 ./Core/Src/main.o
 .debug_macro   0x000000000001dbe3       0x81 ./Core/Src/main.o
 .debug_macro   0x000000000001dc64       0xd3 ./Core/Src/main.o
 .debug_macro   0x000000000001dd37      0x347 ./Core/Src/main.o
 .debug_macro   0x000000000001e07e      0x1d2 ./Core/Src/stm32f3xx_hal_msp.o
 .debug_macro   0x000000000001e250      0x1dc ./Core/Src/stm32f3xx_it.o
 .debug_macro   0x000000000001e42c      0x1c8 ./Core/Src/system_stm32f3xx.o
 .debug_macro   0x000000000001e5f4      0x321 ./Core/Src/teste_ADC.o
 .debug_macro   0x000000000001e915       0x16 ./Core/Src/teste_ADC.o
 .debug_macro   0x000000000001e92b       0x97 ./Core/Src/teste_ADC.o
 .debug_macro   0x000000000001e9c2       0xfd ./Core/Src/teste_ADC.o
 .debug_macro   0x000000000001eabf       0x4f ./Core/Src/teste_ADC.o
 .debug_macro   0x000000000001eb0e      0x1ec ./Drivers/STM32F3xx_HAL_Driver/Src/stm32f3xx_hal.o
 .debug_macro   0x000000000001ecfa      0x1f2 ./Drivers/STM32F3xx_HAL_Driver/Src/stm32f3xx_hal_adc_ex.o
 .debug_macro   0x000000000001eeec      0x1c8 ./Drivers/STM32F3xx_HAL_Driver/Src/stm32f3xx_hal_cortex.o
 .debug_macro   0x000000000001f0b4      0x1cf ./Drivers/STM32F3xx_HAL_Driver/Src/stm32f3xx_hal_gpio.o
 .debug_macro   0x000000000001f283      0x1ec ./Drivers/STM32F3xx_HAL_Driver/Src/stm32f3xx_hal_rcc.o
 .debug_macro   0x000000000001f46f      0x1c8 ./Drivers/STM32F3xx_HAL_Driver/Src/stm32f3xx_hal_rcc_ex.o

.debug_line     0x0000000000000000     0x923d
 .debug_line    0x0000000000000000      0x818 ./Core/Src/main.o
 .debug_line    0x0000000000000818      0x702 ./Core/Src/stm32f3xx_hal_msp.o
 .debug_line    0x0000000000000f1a      0x77e ./Core/Src/stm32f3xx_it.o
 .debug_line    0x0000000000001698      0x737 ./Core/Src/system_stm32f3xx.o
 .debug_line    0x0000000000001dcf      0xa3a ./Core/Src/teste_ADC.o
 .debug_line    0x0000000000002809       0x88 ./Core/Startup/startup_stm32f303retx.o
 .debug_line    0x0000000000002891      0x967 ./Drivers/STM32F3xx_HAL_Driver/Src/stm32f3xx_hal.o
 .debug_line    0x00000000000031f8     0x274d ./Drivers/STM32F3xx_HAL_Driver/Src/stm32f3xx_hal_adc_ex.o
 .debug_line    0x0000000000005945      0xc2c ./Drivers/STM32F3xx_HAL_Driver/Src/stm32f3xx_hal_cortex.o
 .debug_line    0x0000000000006571      0xaee ./Drivers/STM32F3xx_HAL_Driver/Src/stm32f3xx_hal_gpio.o
 .debug_line    0x000000000000705f     0x135c ./Drivers/STM32F3xx_HAL_Driver/Src/stm32f3xx_hal_rcc.o
 .debug_line    0x00000000000083bb      0xe82 ./Drivers/STM32F3xx_HAL_Driver/Src/stm32f3xx_hal_rcc_ex.o

.debug_str      0x0000000000000000    0xc420b
 .debug_str     0x0000000000000000    0xbea13 ./Core/Src/main.o
                                      0xbf18d (size before relaxing)
 .debug_str     0x00000000000bea13       0x63 ./Core/Src/stm32f3xx_hal_msp.o
                                      0xbecde (size before relaxing)
 .debug_str     0x00000000000bea76       0xc9 ./Core/Src/stm32f3xx_it.o
                                      0xbe816 (size before relaxing)
 .debug_str     0x00000000000beb3f       0xe9 ./Core/Src/system_stm32f3xx.o
                                      0xbe8a5 (size before relaxing)
 .debug_str     0x00000000000bec28     0x41d3 ./Core/Src/teste_ADC.o
                                      0xc3108 (size before relaxing)
 .debug_str     0x00000000000c2dfb       0x36 ./Core/Startup/startup_stm32f303retx.o
                                         0x76 (size before relaxing)
 .debug_str     0x00000000000c2e31      0x395 ./Drivers/STM32F3xx_HAL_Driver/Src/stm32f3xx_hal.o
                                      0xbf14e (size before relaxing)
 .debug_str     0x00000000000c31c6      0x81d ./Drivers/STM32F3xx_HAL_Driver/Src/stm32f3xx_hal_adc_ex.o
                                      0xbf5ab (size before relaxing)
 .debug_str     0x00000000000c39e3      0x339 ./Drivers/STM32F3xx_HAL_Driver/Src/stm32f3xx_hal_cortex.o
                                      0xbf1a0 (size before relaxing)
 .debug_str     0x00000000000c3d1c      0x154 ./Drivers/STM32F3xx_HAL_Driver/Src/stm32f3xx_hal_gpio.o
                                      0xbea8a (size before relaxing)
 .debug_str     0x00000000000c3e70      0x2dd ./Drivers/STM32F3xx_HAL_Driver/Src/stm32f3xx_hal_rcc.o
                                      0xbed49 (size before relaxing)
 .debug_str     0x00000000000c414d       0xbe ./Drivers/STM32F3xx_HAL_Driver/Src/stm32f3xx_hal_rcc_ex.o
                                      0xbeb93 (size before relaxing)

.comment        0x0000000000000000       0x50
 .comment       0x0000000000000000       0x50 ./Core/Src/main.o
                                         0x51 (size before relaxing)
 .comment       0x0000000000000050       0x51 ./Core/Src/stm32f3xx_hal_msp.o
 .comment       0x0000000000000050       0x51 ./Core/Src/stm32f3xx_it.o
 .comment       0x0000000000000050       0x51 ./Core/Src/system_stm32f3xx.o
 .comment       0x0000000000000050       0x51 ./Core/Src/teste_ADC.o
 .comment       0x0000000000000050       0x51 ./Drivers/STM32F3xx_HAL_Driver/Src/stm32f3xx_hal.o
 .comment       0x0000000000000050       0x51 ./Drivers/STM32F3xx_HAL_Driver/Src/stm32f3xx_hal_adc_ex.o
 .comment       0x0000000000000050       0x51 ./Drivers/STM32F3xx_HAL_Driver/Src/stm32f3xx_hal_cortex.o
 .comment       0x0000000000000050       0x51 ./Drivers/STM32F3xx_HAL_Driver/Src/stm32f3xx_hal_gpio.o
 .comment       0x0000000000000050       0x51 ./Drivers/STM32F3xx_HAL_Driver/Src/stm32f3xx_hal_rcc.o
 .comment       0x0000000000000050       0x51 ./Drivers/STM32F3xx_HAL_Driver/Src/stm32f3xx_hal_rcc_ex.o

.debug_frame    0x0000000000000000     0x1688
 .debug_frame   0x0000000000000000       0xb8 ./Core/Src/main.o
 .debug_frame   0x00000000000000b8       0x80 ./Core/Src/stm32f3xx_hal_msp.o
 .debug_frame   0x0000000000000138      0x104 ./Core/Src/stm32f3xx_it.o
 .debug_frame   0x000000000000023c       0x58 ./Core/Src/system_stm32f3xx.o
 .debug_frame   0x0000000000000294      0x188 ./Core/Src/teste_ADC.o
 .debug_frame   0x000000000000041c      0x334 ./Drivers/STM32F3xx_HAL_Driver/Src/stm32f3xx_hal.o
 .debug_frame   0x0000000000000750      0x644 ./Drivers/STM32F3xx_HAL_Driver/Src/stm32f3xx_hal_adc_ex.o
 .debug_frame   0x0000000000000d94      0x498 ./Drivers/STM32F3xx_HAL_Driver/Src/stm32f3xx_hal_cortex.o
 .debug_frame   0x000000000000122c      0x14c ./Drivers/STM32F3xx_HAL_Driver/Src/stm32f3xx_hal_gpio.o
 .debug_frame   0x0000000000001378      0x214 ./Drivers/STM32F3xx_HAL_Driver/Src/stm32f3xx_hal_rcc.o
 .debug_frame   0x000000000000158c       0xb0 ./Drivers/STM32F3xx_HAL_Driver/Src/stm32f3xx_hal_rcc_ex.o
 .debug_frame   0x000000000000163c       0x2c c:/st/stm32cubeide_1.11.2/stm32cubeide/plugins/com.st.stm32cube.ide.mcu.externaltools.gnu-tools-for-stm32.10.3-2021.10.win32_1.0.200.202301161003/tools/bin/../lib/gcc/arm-none-eabi/10.3.1/../../../../arm-none-eabi/lib/thumb/v7e-m+fp/hard\libc_nano.a(lib_a-init.o)
 .debug_frame   0x0000000000001668       0x20 c:/st/stm32cubeide_1.11.2/stm32cubeide/plugins/com.st.stm32cube.ide.mcu.externaltools.gnu-tools-for-stm32.10.3-2021.10.win32_1.0.200.202301161003/tools/bin/../lib/gcc/arm-none-eabi/10.3.1/../../../../arm-none-eabi/lib/thumb/v7e-m+fp/hard\libc_nano.a(lib_a-memset.o)
