../Core/Src/teste_ADC.c:24:6:CLKEnable	40	static
../Core/Src/teste_ADC.c:44:6:buttonInit	40	static
../Core/Src/teste_ADC.c:68:6:buttonDeInit	16	static
../Core/Src/teste_ADC.c:79:15:GPIO_ReadPin	16	static
../Core/Src/teste_ADC.c:88:10:GetTick	8	static
../Core/Src/teste_ADC.c:99:6:ADC_Init	48	static
../Core/Src/teste_ADC.c:152:6:ADC_DeInit	16	static
../Core/Src/teste_ADC.c:168:6:ADC_Calibration	16	static
../Core/Src/teste_ADC.c:178:19:ADC_Start	16	static
../Core/Src/teste_ADC.c:189:19:ADC_PollForConversion	16	static
../Core/Src/teste_ADC.c:199:10:ADC_GetValue	16	static
../Core/Src/teste_ADC.c:204:10:teste_ADC	64	static
