../Core/Src/teste_ADC.c:26:6:CLKEnable	40	static
../Core/Src/teste_ADC.c:46:6:buttonInit	40	static
../Core/Src/teste_ADC.c:66:6:buttonDeInit	16	static
../Core/Src/teste_ADC.c:77:15:GPIO_ReadPin	16	static
../Core/Src/teste_ADC.c:86:10:GetTick	8	static
../Core/Src/teste_ADC.c:97:6:ADC_Init	64	static
../Core/Src/teste_ADC.c:157:19:ADC_HandleConfiguration	16	static
../Core/Src/teste_ADC.c:183:6:ADC_DeInit	16	static
../Core/Src/teste_ADC.c:199:6:ADC_Calibration	16	static
../Core/Src/teste_ADC.c:209:19:ADC_Start	16	static
../Core/Src/teste_ADC.c:220:19:ADC_PollForConversion	16	static
../Core/Src/teste_ADC.c:230:10:ADC_GetValue	16	static
../Core/Src/teste_ADC.c:235:10:teste_ADC	40	static
